#-----------------------------------------------------------
# Vivado v2015.4 (64-bit)
# SW Build 1412921 on Wed Nov 18 09:43:45 MST 2015
# IP Build 1412160 on Tue Nov 17 13:47:24 MST 2015
# Start of session at: Thu Jul 15 15:48:56 2021
# Process ID: 408
# Current directory: F:/.vscode/Github/MIPS32_CPU/minisys
# Command line: vivado.exe -gui_launcher_event rodinguilauncherevent21244 F:\.vscode\Github\MIPS32_CPU\minisys\minisys.xpr
# Log file: F:/.vscode/Github/MIPS32_CPU/minisys/vivado.log
# Journal file: F:/.vscode/Github/MIPS32_CPU/minisys\vivado.jou
#-----------------------------------------------------------
start_gui
open_project F:/.vscode/Github/MIPS32_CPU/minisys/minisys.xpr
# Disabling source management mode.  This is to allow the top design properties to be set without GUI intervention.
set_property source_mgmt_mode None [current_project]
set_property top vga_char_display [current_fileset]
# Re-enabling previously disabled source management mode.
set_property source_mgmt_mode All [current_project]
update_compile_order -fileset sources_1
file mkdir F:/.vscode/Github/MIPS32_CPU/minisys/minisys.srcs/constrs_1/new
close [ open F:/.vscode/Github/MIPS32_CPU/minisys/minisys.srcs/constrs_1/new/vga_output.xdc w ]
add_files -fileset constrs_1 F:/.vscode/Github/MIPS32_CPU/minisys/minisys.srcs/constrs_1/new/vga_output.xdc
set_property needs_refresh false [get_runs synth_1]
set_property needs_refresh false [get_runs impl_1]
set_property needs_refresh false [get_runs cpuclk_synth_1]
set_property needs_refresh false [get_runs prgrom_synth_1]
set_property needs_refresh false [get_runs ram_synth_1]
set_property needs_refresh false [get_runs cpuclk_impl_1]
set_property needs_refresh false [get_runs prgrom_impl_1]
set_property needs_refresh false [get_runs ram_impl_1]
set_property needs_refresh false [get_runs synth_1]
set_property needs_refresh false [get_runs impl_1]
set_property needs_refresh false [get_runs cpuclk_synth_1]
set_property needs_refresh false [get_runs prgrom_synth_1]
set_property needs_refresh false [get_runs ram_synth_1]
set_property needs_refresh false [get_runs cpuclk_impl_1]
set_property needs_refresh false [get_runs prgrom_impl_1]
set_property needs_refresh false [get_runs ram_impl_1]
set_property needs_refresh false [get_runs synth_1]
set_property needs_refresh false [get_runs impl_1]
set_property needs_refresh false [get_runs cpuclk_synth_1]
set_property needs_refresh false [get_runs prgrom_synth_1]
set_property needs_refresh false [get_runs ram_synth_1]
set_property needs_refresh false [get_runs cpuclk_impl_1]
set_property needs_refresh false [get_runs prgrom_impl_1]
set_property needs_refresh false [get_runs ram_impl_1]
set_property needs_refresh false [get_runs synth_1]
set_property needs_refresh false [get_runs impl_1]
set_property needs_refresh false [get_runs cpuclk_synth_1]
set_property needs_refresh false [get_runs prgrom_synth_1]
set_property needs_refresh false [get_runs ram_synth_1]
set_property needs_refresh false [get_runs cpuclk_impl_1]
set_property needs_refresh false [get_runs prgrom_impl_1]
set_property needs_refresh false [get_runs ram_impl_1]
set_property needs_refresh false [get_runs synth_1]
set_property needs_refresh false [get_runs impl_1]
set_property needs_refresh false [get_runs cpuclk_synth_1]
set_property needs_refresh false [get_runs prgrom_synth_1]
set_property needs_refresh false [get_runs ram_synth_1]
set_property needs_refresh false [get_runs cpuclk_impl_1]
set_property needs_refresh false [get_runs prgrom_impl_1]
set_property needs_refresh false [get_runs ram_impl_1]
